[mouawadlaurier.com/index.html]
[backblue.gif]
[fade.gif]
[index.html]
[images.squarespace-cdn.com/content/v1/59c415bc8419c2f349b25253/1508834602650-WO3DL6NT1UVNBZPXJR5E/faviconfc89.png]
[mouawadlaurier.com/worka409]
[mouawadlaurier.com/peupler.html]
[mouawadlaurier.com/paysage-sonore.html]
[mouawadlaurier.com/retour-aux-sources.html]
[mouawadlaurier.com/ephemere.html]
[mouawadlaurier.com/rising.html]
[mouawadlaurier.com/upperground.html]
[mouawadlaurier.com/fuurin.html]
[mouawadlaurier.com/about.html]
[mouawadlaurier.com/press.html]
[mouawadlaurier.com/venues.html]
[mouawadlaurier.com/index.html]
[mouawadlaurier.com/contact.html]
[images.squarespace-cdn.com/index.html]
[mouawadlaurier.com/_https_/player.vimeo.com/video/876279290.e180e.delayed]
[mouawadlaurier.com/_https_/player.vimeo.com/video/871855125.f180e.delayed]
[mouawadlaurier.com/peupler.html]
[mouawadlaurier.com/_https_/player.vimeo.com/video/772392954.104843.delayed]
[mouawadlaurier.com/paysage-sonore.html]
[mouawadlaurier.com/_https_/player.vimeo.com/video/362816752.11804f.delayed]
[mouawadlaurier.com/_https_/player.vimeo.com/video/432530431.12180e.delayed]
[mouawadlaurier.com/retour-aux-sources.html]
[mouawadlaurier.com/_/cdn.embedly.com/widgets/media.13c8ce.delayed]
[mouawadlaurier.com/_/cdn.embedly.com/widgets/media.145153.delayed]
[mouawadlaurier.com/ephemere.html]
[mouawadlaurier.com/_https_/player.vimeo.com/video/1119951523.15180e.delayed]
[mouawadlaurier.com/_https_/player.vimeo.com/video/1145290233.16180e.delayed]
[mouawadlaurier.com/_https_/player.vimeo.com/video/984191444.17affa.delayed]
[mouawadlaurier.com/rising.html]
[mouawadlaurier.com/upperground.html]
[mouawadlaurier.com/fuurin.html]
[images.squarespace-cdn.com/content/v1/59c415bc8419c2f349b25253/1618925254562-Y6SKQE33H9MQ4WOEBTZ9/0700091170.jpg]
[images.squarespace-cdn.com/content/v1/59c415bc8419c2f349b25253/1618925320045-6EX88CQ7JFA7YCMSZWJE/_DSC2068-copy.jpg]
[images.squarespace-cdn.com/content/v1/59c415bc8419c2f349b25253/1618925417604-MWW58LWV739ZNMJE2XMX/light.jpg]
[images.squarespace-cdn.com/content/v1/59c415bc8419c2f349b25253/50433f17-5dda-41b3-bbe3-c2f2820f0a33/icec_gencat_bn.png]
[images.squarespace-cdn.com/content/v1/59c415bc8419c2f349b25253/a1589c2c-0813-4452-b495-d16239c85600/logoCatalanArt.jpg]
[mouawadlaurier.com/about.html]
[images.squarespace-cdn.com/content/v1/59c415bc8419c2f349b25253/895bf876-86c1-45d2-9700-89a0d90dd2ff/press.png]
[images.squarespace-cdn.com/content/v1/59c415bc8419c2f349b25253/1618916856437-N822ISJ7L9P1IX5TLSMU/Screenshot+2020-12-11+at+13.35.09.png]
[images.squarespace-cdn.com/content/v1/59c415bc8419c2f349b25253/1618916855292-7QOTB35YZ2DJGWICEQKD/Screenshot+2020-12-11+at+13.26.01.png]
[images.squarespace-cdn.com/content/v1/59c415bc8419c2f349b25253/1618916855520-4D3BSSO48N6C8XJIVNRK/Screenshot+2020-12-11+at+13.26.20.png]
[images.squarespace-cdn.com/content/v1/59c415bc8419c2f349b25253/1618916857521-02OOCLWS4QR04N00MZIB/Screenshot+2020-12-11+at+13.35.45.png]
[images.squarespace-cdn.com/content/v1/59c415bc8419c2f349b25253/1618918903016-07MCYSYCWQUNLY9B456X/Numero.jpg]
[images.squarespace-cdn.com/content/v1/59c415bc8419c2f349b25253/1618916857976-5V30OCT52RZCRCP6GS8N/Screenshot+2020-12-11+at+13.36.34.png]
[images.squarespace-cdn.com/content/v1/59c415bc8419c2f349b25253/1618918137535-YW3QS94HXYSJH1EQLBGJ/IMG_7015.jpg]
[images.squarespace-cdn.com/content/v1/59c415bc8419c2f349b25253/1618918902430-H6NVNLVRKJ986PPOWSDM/Fisheye.jpg]
[images.squarespace-cdn.com/content/v1/59c415bc8419c2f349b25253/1618918901625-RXOXFVXWM3OL9U8AVC7H/Figaro.jpg]
[images.squarespace-cdn.com/content/v1/59c415bc8419c2f349b25253/1618918903365-8Y4LQULIVP4UMIOMH4IW/TheDsh.jpg]
[images.squarespace-cdn.com/content/v1/59c415bc8419c2f349b25253/1618918901735-KFRPVY3KWC0Y26S1MQG9/EnMagnum.jpg]
[mouawadlaurier.com/press.html]
[mouawadlaurier.com/venues.html]
[images.squarespace-cdn.com/content/v1/59c415bc8419c2f349b25253/1618916665252-DBZ03M7KZK4MQSRQQ9D6/mouawadlaurier.jpg]
[images.squarespace-cdn.com/content/v1/59c415bc8419c2f349b25253/1618926540938-DJQ18YGI12DBNDZO4WL5/IMG_8717+copy.jpg]
[mouawadlaurier.com/contact.html]
[mouawadlaurier.com/_https_/player.vimeo.com/video/1032296710180e.html]
[mouawadlaurier.com/_https_/player.vimeo.com/video/876279290180e.html]
[mouawadlaurier.com/_https_/player.vimeo.com/video/871855125180e.html]
[mouawadlaurier.com/_https_/player.vimeo.com/video/7723929544843.html]
[mouawadlaurier.com/_https_/player.vimeo.com/video/362816752804f.html]
[mouawadlaurier.com/_https_/player.vimeo.com/video/432530431180e.html]
[mouawadlaurier.com/_/cdn.embedly.com/widgets/mediac8ce.html]
[mouawadlaurier.com/_/cdn.embedly.com/widgets/media5153.html]
[mouawadlaurier.com/_https_/player.vimeo.com/video/1119951523180e.html]
[mouawadlaurier.com/_https_/player.vimeo.com/video/1145290233180e.html]
[mouawadlaurier.com/_https_/player.vimeo.com/video/984191444affa.html]
